// Jest Snapshot v1, https://jestjs.io/docs/snapshot-testing

exports[`Migrations should apply all migrations to provided DB 1`] = `
{
  "created_at": Any<String>,
  "hash": "b1b46e7d016aa5eadbb00c35014b3303d3972618801b8304c187f5fdbf7393c4",
  "id": 1,
}
`;

exports[`Migrations should apply all migrations to provided DB 2`] = `
{
  "created_at": Any<String>,
  "hash": "94ffbd5783d22db08782fbcf7cc3285e3217a0776f3eabcaf62c62d9d325d626",
  "id": 2,
}
`;

exports[`Migrations should apply all migrations to provided DB 3`] = `
{
  "created_at": Any<String>,
  "hash": "9a7067e57e70a237e0e2083876eeef4cc51a79505356a2ad45699a6ab140b877",
  "id": 3,
}
`;

exports[`Migrations should apply all migrations to provided DB 4`] = `
{
  "created_at": Any<String>,
  "hash": "b06ab080438212d8fcaa4f954f57a658824ec2b2b83e34ace0926a483a77b038",
  "id": 4,
}
`;
