// Jest Snapshot v1, https://goo.gl/fbAQLP

exports[`SignIn handleSignIn should return a 400 error when password is incorrect 1`] = `
{
  "body": "{"message":"InvalidInformation","details":[]}",
  "statusCode": 400,
}
`;

exports[`SignIn handleSignIn should return a 400 error when user does not exist 1`] = `
{
  "body": "{"message":"InvalidInformation","details":[]}",
  "statusCode": 400,
}
`;
