// Jest Snapshot v1, https://goo.gl/fbAQLP

exports[`HourTrackerImageRepositories API_AUTHORIZER should have the correct repository parameters 1`] = `
{
  "DeletionPolicy": "Delete",
  "Properties": {
    "EmptyOnDelete": true,
    "ImageScanningConfiguration": {
      "ScanOnPush": false,
    },
    "LifecyclePolicy": {
      "LifecyclePolicyText": "{"rules":[{"rulePriority":1,"description":"Keep max 2 versioned images identified by 'vX.X.X' pattern","selection":{"tagStatus":"tagged","tagPatternList":["v*.*.*"],"countType":"imageCountMoreThan","countNumber":2},"action":{"type":"expire"}},{"rulePriority":2,"description":"Keep max 2 images that are not a tagged version","selection":{"tagStatus":"any","countType":"imageCountMoreThan","countNumber":2},"action":{"type":"expire"}}]}",
    },
    "RepositoryName": "hour-tracker-api-authorizer",
  },
  "Type": "AWS::ECR::Repository",
  "UpdateReplacePolicy": "Delete",
}
`;
